=== forecast accuracy ===
  h=1   Persistence          MAE   4.838 RMSE   6.442 MAPE   4.49% MASE 1.000
  h=1   SeasonalNaive-24h    MAE  37.033 RMSE  45.967 MAPE  37.47% MASE 7.654
  h=1   SeasonalNaive-1week  MAE  37.644 RMSE  48.480 MAPE  36.47% MASE 7.780
  h=1   rep 1  LSTM 3.607 | Ensemble 3.560 | persistence 4.838
  h=1   rep 2  LSTM 3.575 | Ensemble 3.374 | persistence 4.838
  h=1   rep 3  LSTM 4.155 | Ensemble 3.514 | persistence 4.838
  h=1   rep 4  LSTM 3.647 | Ensemble 3.528 | persistence 4.838
  h=1   rep 5  LSTM 3.758 | Ensemble 3.462 | persistence 4.838
  h=6   Persistence          MAE  22.469 RMSE  29.394 MAPE  20.54% MASE 1.000
  h=6   SeasonalNaive-24h    MAE  37.033 RMSE  45.967 MAPE  37.47% MASE 1.648
  h=6   SeasonalNaive-1week  MAE  37.644 RMSE  48.480 MAPE  36.47% MASE 1.675
  h=6   rep 1  LSTM 15.136 | Ensemble 13.568 | persistence 22.469
  h=6   rep 2  LSTM 14.131 | Ensemble 13.314 | persistence 22.469
  h=6   rep 3  LSTM 14.466 | Ensemble 12.425 | persistence 22.469
  h=6   rep 4  LSTM 13.373 | Ensemble 12.552 | persistence 22.469
  h=6   rep 5  LSTM 14.365 | Ensemble 12.707 | persistence 22.469
  h=12  Persistence          MAE  36.452 RMSE  46.117 MAPE  34.31% MASE 1.000
  h=12  SeasonalNaive-24h    MAE  37.033 RMSE  45.967 MAPE  37.47% MASE 1.016
  h=12  SeasonalNaive-1week  MAE  37.644 RMSE  48.480 MAPE  36.47% MASE 1.033
  h=12  rep 1  LSTM 20.512 | Ensemble 18.990 | persistence 36.452
  h=12  rep 2  LSTM 19.351 | Ensemble 18.833 | persistence 36.452
  h=12  rep 3  LSTM 20.420 | Ensemble 18.754 | persistence 36.452
  h=12  rep 4  LSTM 22.227 | Ensemble 19.605 | persistence 36.452
  h=12  rep 5  LSTM 20.824 | Ensemble 19.557 | persistence 36.452
  h=24  Persistence          MAE  44.327 RMSE  53.857 MAPE  43.69% MASE 1.000
  h=24  SeasonalNaive-24h    MAE  37.033 RMSE  45.967 MAPE  37.47% MASE 0.835
  h=24  SeasonalNaive-1week  MAE  37.644 RMSE  48.480 MAPE  36.47% MASE 0.849
  h=24  rep 1  LSTM 28.208 | Ensemble 25.405 | persistence 44.327
  h=24  rep 2  LSTM 32.499 | Ensemble 26.726 | persistence 44.327
  h=24  rep 3  LSTM 27.105 | Ensemble 25.996 | persistence 44.327
  h=24  rep 4  LSTM 29.394 | Ensemble 26.256 | persistence 44.327
  h=24  rep 5  LSTM 28.490 | Ensemble 26.070 | persistence 44.327
  h=48  Persistence          MAE  37.033 RMSE  45.967 MAPE  37.47% MASE 1.000
  h=48  SeasonalNaive-24h    MAE  37.033 RMSE  45.967 MAPE  37.47% MASE 1.000
  h=48  SeasonalNaive-1week  MAE  37.644 RMSE  48.480 MAPE  36.47% MASE 1.017
  h=48  rep 1  LSTM 37.606 | Ensemble 34.538 | persistence 37.033
  h=48  rep 2  LSTM 37.718 | Ensemble 33.697 | persistence 37.033
  h=48  rep 3  LSTM 34.369 | Ensemble 34.704 | persistence 37.033
  h=48  rep 4  LSTM 37.091 | Ensemble 34.017 | persistence 37.033
  h=48  rep 5  LSTM 38.436 | Ensemble 36.934 | persistence 37.033

Learned models (mean +/- sd over 5 repeats):
 horizon_slots     model  MAE_mean  MAE_sd  RMSE_mean  MAPE_mean  MASE_mean
             1  CNN-LSTM    4.0691  0.1587     5.2407     3.9725     0.8410
             1  Ensemble    3.4876  0.0725     4.5387     3.3995     0.7208
             1       GRU    3.7681  0.1444     4.8727     3.7290     0.7788
             1 GradBoost    3.5157  0.0032     4.5790     3.3952     0.7266
             1      LSTM    3.7485  0.2376     4.8534     3.6656     0.7747
             6  CNN-LSTM   16.0286  1.0358    20.2986    15.9288     0.7133
             6  Ensemble   12.9129  0.5001    16.6706    12.8057     0.5747
             6       GRU   13.8016  0.5060    17.8795    13.8262     0.6142
             6 GradBoost   13.1976  0.0287    17.1147    12.8867     0.5874
             6      LSTM   14.2945  0.6362    18.3400    14.2353     0.6362
            12  CNN-LSTM   24.2074  0.9318    30.8165    24.5525     0.6641
            12  Ensemble   19.1477  0.4050    24.5514    19.1722     0.5253
            12       GRU   19.8228  0.4047    25.4029    19.7962     0.5438
            12 GradBoost   20.7979  0.0181    26.1983    20.5210     0.5706
            12      LSTM   20.6672  1.0338    26.3095    20.5750     0.5670
            24  CNN-LSTM   31.3921  2.2088    39.2407    31.9100     0.7082
            24  Ensemble   26.0904  0.4768    32.9488    25.8479     0.5886
            24       GRU   27.0322  0.7613    34.6748    26.2155     0.6098
            24 GradBoost   27.0614  0.0254    34.2608    26.8991     0.6105
            24      LSTM   29.1389  2.0481    36.5801    28.1505     0.6574
            48  CNN-LSTM   42.9035  2.5664    55.1345    41.4993     1.1585
            48  Ensemble   34.7779  1.2708    43.6865    33.4389     0.9391
            48       GRU   33.6309  0.8357    42.2770    31.4096     0.9081
            48 GradBoost   33.3890  0.0424    42.0676    32.7612     0.9016
            48      LSTM   37.0438  1.5707    45.7937    35.3466     1.0003

Naive baselines:
 horizon_slots               model     MAE    RMSE  MAPE_%   MASE
             1         Persistence  4.8385  6.4419  4.4916 1.0000
             1   SeasonalNaive-24h 37.0329 45.9667 37.4656 7.6538
             1 SeasonalNaive-1week 37.6441 48.4799 36.4657 7.7801
             6         Persistence 22.4695 29.3938 20.5362 1.0000
             6   SeasonalNaive-24h 37.0329 45.9667 37.4656 1.6481
             6 SeasonalNaive-1week 37.6441 48.4799 36.4657 1.6753
            12         Persistence 36.4516 46.1170 34.3063 1.0000
            12   SeasonalNaive-24h 37.0329 45.9667 37.4656 1.0159
            12 SeasonalNaive-1week 37.6441 48.4799 36.4657 1.0327
            24         Persistence 44.3268 53.8575 43.6878 1.0000
            24   SeasonalNaive-24h 37.0329 45.9667 37.4656 0.8355
            24 SeasonalNaive-1week 37.6441 48.4799 36.4657 0.8492
            48         Persistence 37.0329 45.9667 37.4656 1.0000
            48   SeasonalNaive-24h 37.0329 45.9667 37.4656 1.0000
            48 SeasonalNaive-1week 37.6441 48.4799 36.4657 1.0165

Saved -> raw_F_accuracy.csv, F_accuracy_summary.csv, F_naive_baselines.csv
