E20: 2556 runs
   1000/2556  (229s)
   2000/2556  (654s)
E20 done: 2556 rows in 989s -> raw_E20.csv
E22: 2044 runs
   1000/2044  (260s)
   2000/2044  (859s)
E22 done: 2044 rows in 891s -> raw_E22.csv
E3: 3066 runs
   1000/3066  (162s)
   2000/3066  (498s)
   3000/3066  (1070s)
E3 done: 3066 rows in 1116s -> raw_E3.csv
E2: 3834 runs
   1000/3834  (170s)
   2000/3834  (466s)
   3000/3834  (1010s)
E2 done: 3834 rows in 1502s -> raw_E2.csv
GABUG: 120 runs
GABUG done: 120 rows in 61s -> raw_GABUG.csv
E21: 2556 runs
   1000/2556  (237s)
   2000/2556  (654s)
E21 done: 2556 rows in 969s -> raw_E21.csv
E7: 930 runs
E7 done: 930 rows in 323s -> raw_E7.csv
E5: 6720 runs
   1000/6720  (212s)
   2000/6720  (414s)
   3000/6720  (631s)
   4000/6720  (1036s)
   5000/6720  (1572s)
   6000/6720  (2063s)
E5 done: 6720 rows in 2424s -> raw_E5.csv
